// Jest Snapshot v1, https://goo.gl/fbAQLP

exports[`modal test portal test 1`] = `"Hi"`;
