// Jest Snapshot v1, https://goo.gl/fbAQLP

exports[`HomePage snapshot 1`] = `
.c4 {
  font-size: 1.95 rem;
}

.c2 {
  display: -webkit-inline-box;
  display: -webkit-inline-flex;
  display: -ms-inline-flexbox;
  display: inline-flex;
  -webkit-flex-wrap: wrap;
  -ms-flex-wrap: wrap;
  flex-wrap: wrap;
  -webkit-align-items: center;
  -webkit-box-align: center;
  -ms-flex-align: center;
  align-items: center;
  -webkit-box-pack: center;
  -webkit-justify-content: center;
  -ms-flex-pack: center;
  justify-content: center;
}

.c1 {
  display: -webkit-inline-box;
  display: -webkit-inline-flex;
  display: -ms-inline-flexbox;
  display: inline-flex;
  -webkit-flex-direction: row;
  -ms-flex-direction: row;
  flex-direction: row;
  -webkit-flex-wrap: wrap;
  -ms-flex-wrap: wrap;
  flex-wrap: wrap;
  gap: 1rem;
  margin: 2rem 0rem 1rem 0rem;
}

.c5 {
  width: 100%;
  display: -webkit-box;
  display: -webkit-flex;
  display: -ms-flexbox;
  display: flex;
  -webkit-box-pack: start;
  -webkit-justify-content: flex-start;
  -ms-flex-pack: start;
  justify-content: flex-start;
  border-bottom: 2px solid;
  border-image-slice: 1;
  border-image-source: linear-gradient( to left, #023047, #FFB703, #023047 );
  padding-bottom: 0.2rem;
  margin-bottom: 0.5rem;
  position: relative;
}

.c6 {
  display: -webkit-inline-box;
  display: -webkit-inline-flex;
  display: -ms-inline-flexbox;
  display: inline-flex;
  -webkit-flex-wrap: wrap;
  -ms-flex-wrap: wrap;
  flex-wrap: wrap;
  text-align: start;
  -webkit-box-pack: start;
  -webkit-justify-content: flex-start;
  -ms-flex-pack: start;
  justify-content: flex-start;
}

.c3 {
  -webkit-flex-direction: column;
  -ms-flex-direction: column;
  flex-direction: column;
  padding: 1rem 1rem;
}

.c0 {
  display: -webkit-box;
  display: -webkit-flex;
  display: -ms-flexbox;
  display: flex;
  -webkit-flex-direction: column;
  -ms-flex-direction: column;
  flex-direction: column;
  -webkit-align-items: center;
  -webkit-box-align: center;
  -ms-flex-align: center;
  align-items: center;
  margin: 0rem 0 0 0;
}

<div
  className="c0"
>
  <div
    className="c1"
  />
  <div
    className="c2 c3"
  >
    <h3
      className="c4 c5"
    >
      O NAS
    </h3>
    <div
      className="c6"
    >
      Lorem ipsum dolor sit amet consectetur adipisicing elit. Optio similique laborum excepturi ducimus praesentium, sapiente cumque ipsum perspiciatis quod eos illum aliquam illo a, rem, recusandae veritatis quibusdam in tempora? Lorem ipsum dolor sit amet consectetur adipisicing elit. Optio similique laborum excepturi ducimus praesentium, sapiente cumque ipsum perspiciatis quod eos illum aliquam illo a, rem, recusandae veritatis quibusdam in tempora?
    </div>
  </div>
</div>
`;
