// Jest Snapshot v1, https://goo.gl/fbAQLP

exports[`checkoutFroms formButtons 1`] = `
Object {
  "asFragment": [Function],
  "baseElement": .c0 {
  display: -webkit-inline-box;
  display: -webkit-inline-flex;
  display: -ms-inline-flexbox;
  display: inline-flex;
  -webkit-flex-wrap: wrap;
  -ms-flex-wrap: wrap;
  flex-wrap: wrap;
  -webkit-align-items: center;
  -webkit-box-align: center;
  -ms-flex-align: center;
  align-items: center;
  -webkit-box-pack: center;
  -webkit-justify-content: center;
  -ms-flex-pack: center;
  justify-content: center;
}

.c2 {
  min-width: 10rem;
  width: auto;
  -webkit-letter-spacing: 0.5px;
  -moz-letter-spacing: 0.5px;
  -ms-letter-spacing: 0.5px;
  letter-spacing: 0.5px;
  padding: 1rem 3rem;
  font-size: 1 rem;
  background-color: #faeff0;
  font-family: "Open Sans Condensed";
  font-weight: bolder;
  border: none;
  cursor: pointer;
  display: -webkit-box;
  display: -webkit-flex;
  display: -ms-flexbox;
  display: flex;
  -webkit-box-pack: center;
  -webkit-justify-content: center;
  -ms-flex-pack: center;
  justify-content: center;
  -webkit-align-items: center;
  -webkit-box-align: center;
  -ms-flex-align: center;
  align-items: center;
}

.c2:hover {
  background-color: #023047;
  color: #FFB703;
}

.c2:focus {
  -webkit-transform: scale(1.05);
  -ms-transform: scale(1.05);
  transform: scale(1.05);
  -webkit-transition: all 0.6s ease;
  transition: all 0.6s ease;
}

.c3 {
  width: 100%;
  border: 2px solid;
  border-radius: 0.5rem;
  border-image-slice: 1;
  background: #faeff0;
  border-image-source: linear-gradient( to left, #023047, #FFB703, #023047 );
  -webkit-align-items: space-between;
  -webkit-box-align: space-between;
  -ms-flex-align: space-between;
  align-items: space-between;
  -webkit-box-pack: center;
  -webkit-justify-content: center;
  -ms-flex-pack: center;
  justify-content: center;
}

.c1 {
  width: 100%;
  -webkit-flex-direction: row;
  -ms-flex-direction: row;
  flex-direction: row;
  -webkit-align-items: space-between;
  -webkit-box-align: space-between;
  -ms-flex-align: space-between;
  align-items: space-between;
  -webkit-box-pack: justify;
  -webkit-justify-content: space-between;
  -ms-flex-pack: justify;
  justify-content: space-between;
  padding: 1rem 0rem 0 0rem;
}

<body>
    <div>
      <div
        class="c0 c1"
      >
        <button
          class="c2 c3"
          data-testid="submit"
          id="submitFormButton"
          type="submit"
        >
          Zamawiam
        </button>
      </div>
    </div>
  </body>,
  "container": .c0 {
  display: -webkit-inline-box;
  display: -webkit-inline-flex;
  display: -ms-inline-flexbox;
  display: inline-flex;
  -webkit-flex-wrap: wrap;
  -ms-flex-wrap: wrap;
  flex-wrap: wrap;
  -webkit-align-items: center;
  -webkit-box-align: center;
  -ms-flex-align: center;
  align-items: center;
  -webkit-box-pack: center;
  -webkit-justify-content: center;
  -ms-flex-pack: center;
  justify-content: center;
}

.c2 {
  min-width: 10rem;
  width: auto;
  -webkit-letter-spacing: 0.5px;
  -moz-letter-spacing: 0.5px;
  -ms-letter-spacing: 0.5px;
  letter-spacing: 0.5px;
  padding: 1rem 3rem;
  font-size: 1 rem;
  background-color: #faeff0;
  font-family: "Open Sans Condensed";
  font-weight: bolder;
  border: none;
  cursor: pointer;
  display: -webkit-box;
  display: -webkit-flex;
  display: -ms-flexbox;
  display: flex;
  -webkit-box-pack: center;
  -webkit-justify-content: center;
  -ms-flex-pack: center;
  justify-content: center;
  -webkit-align-items: center;
  -webkit-box-align: center;
  -ms-flex-align: center;
  align-items: center;
}

.c2:hover {
  background-color: #023047;
  color: #FFB703;
}

.c2:focus {
  -webkit-transform: scale(1.05);
  -ms-transform: scale(1.05);
  transform: scale(1.05);
  -webkit-transition: all 0.6s ease;
  transition: all 0.6s ease;
}

.c3 {
  width: 100%;
  border: 2px solid;
  border-radius: 0.5rem;
  border-image-slice: 1;
  background: #faeff0;
  border-image-source: linear-gradient( to left, #023047, #FFB703, #023047 );
  -webkit-align-items: space-between;
  -webkit-box-align: space-between;
  -ms-flex-align: space-between;
  align-items: space-between;
  -webkit-box-pack: center;
  -webkit-justify-content: center;
  -ms-flex-pack: center;
  justify-content: center;
}

.c1 {
  width: 100%;
  -webkit-flex-direction: row;
  -ms-flex-direction: row;
  flex-direction: row;
  -webkit-align-items: space-between;
  -webkit-box-align: space-between;
  -ms-flex-align: space-between;
  align-items: space-between;
  -webkit-box-pack: justify;
  -webkit-justify-content: space-between;
  -ms-flex-pack: justify;
  justify-content: space-between;
  padding: 1rem 0rem 0 0rem;
}

<div>
    <div
      class="c0 c1"
    >
      <button
        class="c2 c3"
        data-testid="submit"
        id="submitFormButton"
        type="submit"
      >
        Zamawiam
      </button>
    </div>
  </div>,
  "debug": [Function],
  "findAllByAltText": [Function],
  "findAllByDisplayValue": [Function],
  "findAllByLabelText": [Function],
  "findAllByPlaceholderText": [Function],
  "findAllByRole": [Function],
  "findAllByTestId": [Function],
  "findAllByText": [Function],
  "findAllByTitle": [Function],
  "findByAltText": [Function],
  "findByDisplayValue": [Function],
  "findByLabelText": [Function],
  "findByPlaceholderText": [Function],
  "findByRole": [Function],
  "findByTestId": [Function],
  "findByText": [Function],
  "findByTitle": [Function],
  "getAllByAltText": [Function],
  "getAllByDisplayValue": [Function],
  "getAllByLabelText": [Function],
  "getAllByPlaceholderText": [Function],
  "getAllByRole": [Function],
  "getAllByTestId": [Function],
  "getAllByText": [Function],
  "getAllByTitle": [Function],
  "getByAltText": [Function],
  "getByDisplayValue": [Function],
  "getByLabelText": [Function],
  "getByPlaceholderText": [Function],
  "getByRole": [Function],
  "getByTestId": [Function],
  "getByText": [Function],
  "getByTitle": [Function],
  "queryAllByAltText": [Function],
  "queryAllByDisplayValue": [Function],
  "queryAllByLabelText": [Function],
  "queryAllByPlaceholderText": [Function],
  "queryAllByRole": [Function],
  "queryAllByTestId": [Function],
  "queryAllByText": [Function],
  "queryAllByTitle": [Function],
  "queryByAltText": [Function],
  "queryByDisplayValue": [Function],
  "queryByLabelText": [Function],
  "queryByPlaceholderText": [Function],
  "queryByRole": [Function],
  "queryByTestId": [Function],
  "queryByText": [Function],
  "queryByTitle": [Function],
  "rerender": [Function],
  "store": Object {
    "@@observable": [Function],
    "dispatch": [Function],
    "getState": [Function],
    "replaceReducer": [Function],
    "subscribe": [Function],
  },
  "unmount": [Function],
}
`;
