// Jest Snapshot v1, https://goo.gl/fbAQLP

exports[`shopPage shopPage - snapshot 1`] = `
.c3 {
  font-size: 3.05 rem;
}

.c0 {
  display: -webkit-inline-box;
  display: -webkit-inline-flex;
  display: -ms-inline-flexbox;
  display: inline-flex;
  -webkit-flex-wrap: wrap;
  -ms-flex-wrap: wrap;
  flex-wrap: wrap;
  -webkit-align-items: center;
  -webkit-box-align: center;
  -ms-flex-align: center;
  align-items: center;
  -webkit-box-pack: center;
  -webkit-justify-content: center;
  -ms-flex-pack: center;
  justify-content: center;
}

.c1 {
  display: -webkit-box;
  display: -webkit-flex;
  display: -ms-flexbox;
  display: flex;
  -webkit-align-items: start;
  -webkit-box-align: start;
  -ms-flex-align: start;
  align-items: start;
  -webkit-flex-direction: row;
  -ms-flex-direction: row;
  flex-direction: row;
  -webkit-box-pack: justify;
  -webkit-justify-content: space-between;
  -ms-flex-pack: justify;
  justify-content: space-between;
  margin: 0rem 0 0 0;
}

.c4 {
  -webkit-flex-direction: column;
  -ms-flex-direction: column;
  flex-direction: column;
  -webkit-flex: 1 1 70%;
  -ms-flex: 1 1 70%;
  flex: 1 1 70%;
  gap: 2rem;
}

.c5 {
  border-bottom: 1px solid #0230473e;
  width: 100%;
  display: -webkit-box;
  display: -webkit-flex;
  display: -ms-flexbox;
  display: flex;
  -webkit-box-pack: justify;
  -webkit-justify-content: space-between;
  -ms-flex-pack: justify;
  justify-content: space-between;
  -webkit-flex-direction: row;
  -ms-flex-direction: row;
  flex-direction: row;
  padding: 0 0 0.6rem 0rem;
}

.c5 H1 {
  width: 100%;
  color: #FFB703;
  text-align: center;
  text-transform: uppercase;
}

.c2 {
  border-right: 1px solid #0230473e;
  display: -webkit-box;
  display: -webkit-flex;
  display: -ms-flexbox;
  display: flex;
  -webkit-flex-direction: column;
  -ms-flex-direction: column;
  flex-direction: column;
  -webkit-flex: 1 1 auto;
  -ms-flex: 1 1 auto;
  flex: 1 1 auto;
  -webkit-box-pack: start;
  -webkit-justify-content: start;
  -ms-flex-pack: start;
  justify-content: start;
  -webkit-align-items: center;
  -webkit-box-align: center;
  -ms-flex-align: center;
  align-items: center;
  gap: 5rem;
  padding: 0 0 0.6rem 0rem;
}

.c6 {
  display: -webkit-box;
  display: -webkit-flex;
  display: -ms-flexbox;
  display: flex;
  width: 100%;
  -webkit-box-pack: end;
  -webkit-justify-content: end;
  -ms-flex-pack: end;
  justify-content: end;
  padding: 0.5rem 5rem 0.5rem 0;
  gap: 1rem;
}

.c10 {
  cursor: pointer;
}

.c7 {
  -webkit-flex-direction: row-reverse;
  -ms-flex-direction: row-reverse;
  flex-direction: row-reverse;
  gap: 0.5rem;
  font-family: "Tapestry","Dancing Script",cursive;
  font-size: 1 rem;
  font-weight: bold;
  background-color: transparent;
  border-radius: 5rem;
}

.c8 {
  min-width: 10rem;
  width: auto;
  -webkit-letter-spacing: 0.5px;
  -moz-letter-spacing: 0.5px;
  -ms-letter-spacing: 0.5px;
  letter-spacing: 0.5px;
  padding: 1rem 3rem;
  font-size: 1 rem;
  background-color: #faeff0;
  font-family: "Open Sans Condensed";
  font-weight: bolder;
  border: none;
  cursor: pointer;
  display: -webkit-box;
  display: -webkit-flex;
  display: -ms-flexbox;
  display: flex;
  -webkit-box-pack: center;
  -webkit-justify-content: center;
  -ms-flex-pack: center;
  justify-content: center;
  -webkit-align-items: center;
  -webkit-box-align: center;
  -ms-flex-align: center;
  align-items: center;
}

.c8:hover {
  background-color: #023047;
  color: #FFB703;
}

.c8:focus {
  -webkit-transform: scale(1.05);
  -ms-transform: scale(1.05);
  transform: scale(1.05);
  -webkit-transition: all 0.6s ease;
  transition: all 0.6s ease;
}

.c9 {
  font-family: "Tapestry","Dancing Script",cursive;
  font-size: 1 rem;
  font-weight: bold;
  min-width: 5rem;
  padding: 0.2rem 1rem;
  border: 2px solid #023047;
  border-radius: 5rem;
}

.c9:hover {
  color: #023047;
  background-color: #0230473e;
}

.c9:focus {
  background-color: #FFB703;
  -webkit-transform: none;
  -ms-transform: none;
  transform: none;
  -webkit-transition: none;
  transition: none;
}

.c12 {
  -webkit-flex-direction: row;
  -ms-flex-direction: row;
  flex-direction: row;
  -webkit-box-pack: start;
  -webkit-justify-content: flex-start;
  -ms-flex-pack: start;
  justify-content: flex-start;
  gap: 0.5rem;
}

.c11 {
  width: 100%;
  -webkit-box-pack: start;
  -webkit-justify-content: flex-start;
  -ms-flex-pack: start;
  justify-content: flex-start;
  gap: 0.5rem;
}

<div
  className="c0 c1"
>
  <div
    className="c2"
  >
    <h1
      className="c3"
    >
      <span>
        Menu
      </span>
    </h1>
    <ul
      className=""
    />
  </div>
  <div
    className="c0 c4"
  >
    <div
      className="c5"
    >
      <h1
        className="c3"
      >
        sklep
      </h1>
      <div
        className="c6"
      >
        <div
          className="c0 c7"
          id="SortingTypes"
        >
          <button
            className="c8 c9"
            onClick={[Function]}
          >
            Sortowanie
          </button>
        </div>
        <div
          className="c10"
          data-testid="ascenIconOnClick"
          onClick={[Function]}
        >
          <span />
        </div>
      </div>
    </div>
    <div
      className="c0 c11"
    >
      <div
        className="c0 c12"
      />
    </div>
  </div>
</div>
`;
